// Jest Snapshot v1, https://goo.gl/fbAQLP

exports[`Alert is shown with login error 1`] = `
<Alert
  action={null}
  className=""
  data-testid="alert"
  title=""
  variant="danger"
>
  Unable to log in with provided credentials.
</Alert>
`;
