// Jest Snapshot v1, https://goo.gl/fbAQLP

exports[`default state 1`] = `
Object {
  "loginError": null,
  "loginFetchStatus": 0,
  "token": null,
}
`;
